10:38:54  INFO      =================================================================
10:38:54  INFO        PALMPAY POS RECONCILIATION PIPELINE — START
10:38:54  INFO      =================================================================
10:38:54  INFO        Raw data dir     : C:\Users\OWNER\Downloads\Palmpay Renconcile\data\raw
10:38:54  INFO        Output dir       : C:\Users\OWNER\Downloads\Palmpay Renconcile\data\processed
10:38:54  INFO      
10:38:54  INFO      ─── STEP 1: EXTRACT ─────────────────────────────────────
10:38:54  INFO      Extracting Palmpay_schedule.xlsx → sheet1 ...
10:39:40  INFO        Palmpay extracted: 98,199 rows, 36 columns
10:39:41  INFO      Extracting pos_terminals.xlsx → 22 location sheets ...
10:39:43  INFO        sangotedo            →   255 rows
10:39:46  INFO        saka tinubu          → 1,515 rows
10:39:48  INFO        sabo                 → 2,313 rows
10:39:49  INFO        police post          → 1,532 rows
10:39:51  INFO        oju ore              →   723 rows
10:39:53  INFO        ojodu                → 4,189 rows
10:39:55  INFO        oba akran            → 2,493 rows
10:39:57  INFO        mushin               → 2,700 rows
10:40:00  INFO        magboro              → 3,213 rows
10:40:02  INFO        lagos island         →   825 rows
10:40:04  INFO        iyana ipaja          → 1,317 rows
10:40:07  INFO        ikorodu              → 8,001 rows
10:40:08  INFO        ikeja                →   170 rows
10:40:10  INFO        ibadan               → 1,560 rows
10:40:13  INFO        epe                  → 4,642 rows
10:40:15  INFO        biz ikeja            →   787 rows
10:40:17  INFO        bariga               → 3,337 rows
10:40:19  INFO        ayobo                →   451 rows
10:40:21  INFO        alaba                → 3,883 rows
10:40:23  INFO        ajah                 → 2,864 rows
10:40:25  INFO        agric                →   240 rows
10:40:27  INFO        agege                → 4,053 rows
10:40:27  INFO      Extraction complete: 1 Palmpay file + 22 POS location sheets.
10:40:27  INFO      
10:40:27  INFO      ─── STEP 2: TRANSFORM & RECONCILE ──────────────────────
10:40:27  INFO      Transforming Palmpay data ...
10:40:27  INFO        Palmpay successful transactions: 92,619
10:40:27  INFO      Transforming POS terminal data ...
10:40:27  INFO        sangotedo              →   185 Receive Payment rows
10:40:27  INFO        saka tinubu            → 1,257 Receive Payment rows
10:40:27  INFO        sabo                   → 2,089 Receive Payment rows
10:40:27  INFO        police post            → 1,295 Receive Payment rows
10:40:27  INFO        oju ore                →   530 Receive Payment rows
10:40:27  INFO        ojodu                  → 3,863 Receive Payment rows
10:40:27  INFO        oba akran              → 2,168 Receive Payment rows
10:40:27  INFO        mushin                 → 2,374 Receive Payment rows
10:40:27  INFO        magboro                → 2,890 Receive Payment rows
10:40:27  INFO        lagos island           →   600 Receive Payment rows
10:40:27  INFO        iyana ipaja            → 1,024 Receive Payment rows
10:40:27  INFO        ikorodu                → 7,676 Receive Payment rows
10:40:27  INFO        ikeja                  →   111 Receive Payment rows
10:40:27  INFO        ibadan                 → 1,282 Receive Payment rows
10:40:27  INFO        epe                    → 4,312 Receive Payment rows
10:40:27  INFO        biz ikeja              →   568 Receive Payment rows
10:40:27  INFO        bariga                 → 3,031 Receive Payment rows
10:40:27  INFO        ayobo                  →   310 Receive Payment rows
10:40:27  INFO        alaba                  → 3,625 Receive Payment rows
10:40:27  INFO        ajah                   → 2,543 Receive Payment rows
10:40:27  INFO        agric                  →   161 Receive Payment rows
10:40:27  INFO        agege                  → 3,724 Receive Payment rows
10:40:27  INFO      Running reconciliation ...
10:41:21  INFO        Daily reconciliation rows : 4,677
  Matched days              : 2,264
  Difference days           : 735
  Drilldown rows            : 63,923
10:41:21  INFO      
10:41:21  INFO      ─── STEP 3: LOAD OUTPUT ─────────────────────────────────
10:41:21  INFO      Writing output to C:\Users\OWNER\Downloads\Palmpay Renconcile\data\processed\Palmpay_POS_Reconciliation_20260618_104121.xlsx ...
10:46:27  INFO        Output saved → C:\Users\OWNER\Downloads\Palmpay Renconcile\data\processed\Palmpay_POS_Reconciliation_20260618_104121.xlsx
10:46:27  INFO      
10:46:27  INFO      =================================================================
10:46:27  INFO        RECONCILIATION COMPLETE
10:46:27  INFO      =================================================================
10:46:27  INFO        Locations reconciled  : 21
10:46:27  INFO        Total day-location rows: 4,677
10:46:27  INFO        ✅ Matched             : 2,264  (48.4%)
10:46:27  INFO        ❌ Differences         : 735
10:46:27  INFO        ⚠️  Missing in POS ERP : 1,586
10:46:27  INFO        ⚠️  Missing in Palmpay : 92
10:46:27  INFO        Net unreconciled (₦)   : ₦-4,151,967,379.91
10:46:27  INFO        Output file           : Palmpay_POS_Reconciliation_20260618_104121.xlsx
10:46:27  INFO        Run time              : 453.1s
10:46:27  INFO      =================================================================
